// Vitest Snapshot v1, https://vitest.dev/guide/snapshot.html

exports[`web_extract internal contract and fixed orchestrator > pins route and evidence differences in a keyless canonical-contract snapshot 1`] = `
[
  {
    "attempts": [
      {
        "attempts": 1,
        "capability": "web_extract",
        "durationMs": 0,
        "outcome": "success",
        "participatedInFallback": false,
        "provider": "tavily_extract",
      },
    ],
    "content": "body from tavily_extract",
    "evidenceLevel": "extracted_content",
    "format": "markdown",
    "requestedUrl": "https://example.test/article",
    "retrievalRoute": "tavily_extract",
    "truncated": false,
  },
  {
    "attempts": [
      {
        "attempts": 1,
        "capability": "web_extract",
        "durationMs": 0,
        "outcome": "success",
        "participatedInFallback": false,
        "provider": "firecrawl_scrape",
      },
    ],
    "content": "body from firecrawl_scrape",
    "evidenceLevel": "extracted_content",
    "format": "markdown",
    "requestedUrl": "https://example.test/article",
    "retrievalRoute": "firecrawl_scrape",
    "truncated": false,
  },
  {
    "attempts": [
      {
        "attempts": 1,
        "capability": "web_extract",
        "durationMs": 0,
        "outcome": "success",
        "participatedInFallback": false,
        "provider": "smart_direct",
      },
    ],
    "content": "body from smart_direct",
    "evidenceLevel": "extracted_content",
    "format": "markdown",
    "requestedUrl": "https://example.test/article",
    "retrievalRoute": "smart_direct",
    "truncated": false,
  },
  {
    "attempts": [
      {
        "attempts": 1,
        "capability": "web_extract",
        "durationMs": 0,
        "outcome": "success",
        "participatedInFallback": false,
        "provider": "direct",
      },
    ],
    "content": "body from direct",
    "evidenceLevel": "direct_http_content",
    "format": "markdown",
    "requestedUrl": "https://example.test/article",
    "retrievalRoute": "direct",
    "truncated": false,
  },
]
`;
